{
  "id": "toolkit_2.13",
  "version": {
    "major": 0,
    "minor": 1,
    "patch": 7,
    "suffix": [
      
    ]
  },
  "deps": [
    {
      "id": "os-lib_2.13",
      "version": {
        "major": 0,
        "minor": 9,
        "patch": 1,
        "suffix": [
          
        ]
      },
      "deps": [
        {
          "id": "geny_2.13",
          "version": {
            "major": 1,
            "minor": 0,
            "patch": 0,
            "suffix": [
              
            ]
          },
          "deps": [
            {
              "id": "scala-library",
              "version": {
                "major": 2,
                "minor": 13,
                "patch": 8,
                "suffix": [
                  
                ]
              },
              "deps": [
                
              ]
            }
          ]
        },
        {
          "id": "scala-library",
          "version": {
            "major": 2,
            "minor": 13,
            "patch": 10,
            "suffix": [
              
            ]
          },
          "deps": [
            
          ]
        }
      ]
    },
    {
      "id": "upickle_2.13",
      "version": {
        "major": 3,
        "minor": 1,
        "patch": 0,
        "suffix": [
          
        ]
      },
      "deps": [
        {
          "id": "ujson_2.13",
          "version": {
            "major": 3,
            "minor": 1,
            "patch": 0,
            "suffix": [
              
            ]
          },
          "deps": [
            {
              "id": "upickle-core_2.13",
              "version": {
                "major": 3,
                "minor": 1,
                "patch": 0,
                "suffix": [
                  
                ]
              },
              "deps": [
                {
                  "id": "geny_2.13",
                  "version": {
                    "major": 1,
                    "minor": 0,
                    "patch": 0,
                    "suffix": [
                      
                    ]
                  },
                  "deps": [
                    {
                      "id": "scala-library",
                      "version": {
                        "major": 2,
                        "minor": 13,
                        "patch": 8,
                        "suffix": [
                          
                        ]
                      },
                      "deps": [
                        
                      ]
                    }
                  ]
                },
                {
                  "id": "scala-library",
                  "version": {
                    "major": 2,
                    "minor": 13,
                    "patch": 10,
                    "suffix": [
                      
                    ]
                  },
                  "deps": [
                    
                  ]
                }
              ]
            },
            {
              "id": "scala-library",
              "version": {
                "major": 2,
                "minor": 13,
                "patch": 10,
                "suffix": [
                  
                ]
              },
              "deps": [
                
              ]
            }
          ]
        },
        {
          "id": "upack_2.13",
          "version": {
            "major": 3,
            "minor": 1,
            "patch": 0,
            "suffix": [
              
            ]
          },
          "deps": [
            {
              "id": "upickle-core_2.13",
              "version": {
                "major": 3,
                "minor": 1,
                "patch": 0,
                "suffix": [
                  
                ]
              },
              "deps": [
                {
                  "id": "geny_2.13",
                  "version": {
                    "major": 1,
                    "minor": 0,
                    "patch": 0,
                    "suffix": [
                      
                    ]
                  },
                  "deps": [
                    {
                      "id": "scala-library",
                      "version": {
                        "major": 2,
                        "minor": 13,
                        "patch": 8,
                        "suffix": [
                          
                        ]
                      },
                      "deps": [
                        
                      ]
                    }
                  ]
                },
                {
                  "id": "scala-library",
                  "version": {
                    "major": 2,
                    "minor": 13,
                    "patch": 10,
                    "suffix": [
                      
                    ]
                  },
                  "deps": [
                    
                  ]
                }
              ]
            },
            {
              "id": "scala-library",
              "version": {
                "major": 2,
                "minor": 13,
                "patch": 10,
                "suffix": [
                  
                ]
              },
              "deps": [
                
              ]
            }
          ]
        },
        {
          "id": "upickle-implicits_2.13",
          "version": {
            "major": 3,
            "minor": 1,
            "patch": 0,
            "suffix": [
              
            ]
          },
          "deps": [
            {
              "id": "upickle-core_2.13",
              "version": {
                "major": 3,
                "minor": 1,
                "patch": 0,
                "suffix": [
                  
                ]
              },
              "deps": [
                {
                  "id": "geny_2.13",
                  "version": {
                    "major": 1,
                    "minor": 0,
                    "patch": 0,
                    "suffix": [
                      
                    ]
                  },
                  "deps": [
                    {
                      "id": "scala-library",
                      "version": {
                        "major": 2,
                        "minor": 13,
                        "patch": 8,
                        "suffix": [
                          
                        ]
                      },
                      "deps": [
                        
                      ]
                    }
                  ]
                },
                {
                  "id": "scala-library",
                  "version": {
                    "major": 2,
                    "minor": 13,
                    "patch": 10,
                    "suffix": [
                      
                    ]
                  },
                  "deps": [
                    
                  ]
                }
              ]
            },
            {
              "id": "scala-library",
              "version": {
                "major": 2,
                "minor": 13,
                "patch": 10,
                "suffix": [
                  
                ]
              },
              "deps": [
                
              ]
            }
          ]
        },
        {
          "id": "scala-library",
          "version": {
            "major": 2,
            "minor": 13,
            "patch": 10,
            "suffix": [
              
            ]
          },
          "deps": [
            
          ]
        }
      ]
    },
    {
      "id": "core_2.13",
      "version": {
        "major": 4,
        "minor": 0,
        "patch": 0,
        "suffix": [
          "M1"
        ]
      },
      "deps": [
        {
          "id": "core_2.13",
          "version": {
            "major": 1,
            "minor": 5,
            "patch": 5,
            "suffix": [
              
            ]
          },
          "deps": [
            {
              "id": "scala-library",
              "version": {
                "major": 2,
                "minor": 13,
                "patch": 10,
                "suffix": [
                  
                ]
              },
              "deps": [
                
              ]
            }
          ]
        },
        {
          "id": "core_2.13",
          "version": {
            "major": 1,
            "minor": 3,
            "patch": 13,
            "suffix": [
              
            ]
          },
          "deps": [
            {
              "id": "scala-library",
              "version": {
                "major": 2,
                "minor": 13,
                "patch": 10,
                "suffix": [
                  
                ]
              },
              "deps": [
                
              ]
            }
          ]
        },
        {
          "id": "ws_2.13",
          "version": {
            "major": 1,
            "minor": 3,
            "patch": 13,
            "suffix": [
              
            ]
          },
          "deps": [
            {
              "id": "core_2.13",
              "version": {
                "major": 1,
                "minor": 5,
                "patch": 5,
                "suffix": [
                  
                ]
              },
              "deps": [
                {
                  "id": "scala-library",
                  "version": {
                    "major": 2,
                    "minor": 13,
                    "patch": 10,
                    "suffix": [
                      
                    ]
                  },
                  "deps": [
                    
                  ]
                }
              ]
            },
            {
              "id": "core_2.13",
              "version": {
                "major": 1,
                "minor": 3,
                "patch": 13,
                "suffix": [
                  
                ]
              },
              "deps": [
                {
                  "id": "scala-library",
                  "version": {
                    "major": 2,
                    "minor": 13,
                    "patch": 10,
                    "suffix": [
                      
                    ]
                  },
                  "deps": [
                    
                  ]
                }
              ]
            },
            {
              "id": "scala-library",
              "version": {
                "major": 2,
                "minor": 13,
                "patch": 10,
                "suffix": [
                  
                ]
              },
              "deps": [
                
              ]
            }
          ]
        },
        {
          "id": "scala-library",
          "version": {
            "major": 2,
            "minor": 13,
            "patch": 10,
            "suffix": [
              
            ]
          },
          "deps": [
            
          ]
        }
      ]
    },
    {
      "id": "upickle_2.13",
      "version": {
        "major": 4,
        "minor": 0,
        "patch": 0,
        "suffix": [
          "M1"
        ]
      },
      "deps": [
        {
          "id": "upickle_2.13",
          "version": {
            "major": 3,
            "minor": 0,
            "patch": 0,
            "suffix": [
              
            ]
          },
          "deps": [
            {
              "id": "ujson_2.13",
              "version": {
                "major": 3,
                "minor": 1,
                "patch": 0,
                "suffix": [
                  
                ]
              },
              "deps": [
                {
                  "id": "upickle-core_2.13",
                  "version": {
                    "major": 3,
                    "minor": 1,
                    "patch": 0,
                    "suffix": [
                      
                    ]
                  },
                  "deps": [
                    {
                      "id": "geny_2.13",
                      "version": {
                        "major": 1,
                        "minor": 0,
                        "patch": 0,
                        "suffix": [
                          
                        ]
                      },
                      "deps": [
                        {
                          "id": "scala-library",
                          "version": {
                            "major": 2,
                            "minor": 13,
                            "patch": 8,
                            "suffix": [
                              
                            ]
                          },
                          "deps": [
                            
                          ]
                        }
                      ]
                    },
                    {
                      "id": "scala-library",
                      "version": {
                        "major": 2,
                        "minor": 13,
                        "patch": 10,
                        "suffix": [
                          
                        ]
                      },
                      "deps": [
                        
                      ]
                    }
                  ]
                },
                {
                  "id": "scala-library",
                  "version": {
                    "major": 2,
                    "minor": 13,
                    "patch": 10,
                    "suffix": [
                      
                    ]
                  },
                  "deps": [
                    
                  ]
                }
              ]
            },
            {
              "id": "upack_2.13",
              "version": {
                "major": 3,
                "minor": 1,
                "patch": 0,
                "suffix": [
                  
                ]
              },
              "deps": [
                {
                  "id": "upickle-core_2.13",
                  "version": {
                    "major": 3,
                    "minor": 1,
                    "patch": 0,
                    "suffix": [
                      
                    ]
                  },
                  "deps": [
                    {
                      "id": "geny_2.13",
                      "version": {
                        "major": 1,
                        "minor": 0,
                        "patch": 0,
                        "suffix": [
                          
                        ]
                      },
                      "deps": [
                        {
                          "id": "scala-library",
                          "version": {
                            "major": 2,
                            "minor": 13,
                            "patch": 8,
                            "suffix": [
                              
                            ]
                          },
                          "deps": [
                            
                          ]
                        }
                      ]
                    },
                    {
                      "id": "scala-library",
                      "version": {
                        "major": 2,
                        "minor": 13,
                        "patch": 10,
                        "suffix": [
                          
                        ]
                      },
                      "deps": [
                        
                      ]
                    }
                  ]
                },
                {
                  "id": "scala-library",
                  "version": {
                    "major": 2,
                    "minor": 13,
                    "patch": 10,
                    "suffix": [
                      
                    ]
                  },
                  "deps": [
                    
                  ]
                }
              ]
            },
            {
              "id": "upickle-implicits_2.13",
              "version": {
                "major": 3,
                "minor": 1,
                "patch": 0,
                "suffix": [
                  
                ]
              },
              "deps": [
                {
                  "id": "upickle-core_2.13",
                  "version": {
                    "major": 3,
                    "minor": 1,
                    "patch": 0,
                    "suffix": [
                      
                    ]
                  },
                  "deps": [
                    {
                      "id": "geny_2.13",
                      "version": {
                        "major": 1,
                        "minor": 0,
                        "patch": 0,
                        "suffix": [
                          
                        ]
                      },
                      "deps": [
                        {
                          "id": "scala-library",
                          "version": {
                            "major": 2,
                            "minor": 13,
                            "patch": 8,
                            "suffix": [
                              
                            ]
                          },
                          "deps": [
                            
                          ]
                        }
                      ]
                    },
                    {
                      "id": "scala-library",
                      "version": {
                        "major": 2,
                        "minor": 13,
                        "patch": 10,
                        "suffix": [
                          
                        ]
                      },
                      "deps": [
                        
                      ]
                    }
                  ]
                },
                {
                  "id": "scala-library",
                  "version": {
                    "major": 2,
                    "minor": 13,
                    "patch": 10,
                    "suffix": [
                      
                    ]
                  },
                  "deps": [
                    
                  ]
                }
              ]
            },
            {
              "id": "scala-library",
              "version": {
                "major": 2,
                "minor": 13,
                "patch": 10,
                "suffix": [
                  
                ]
              },
              "deps": [
                
              ]
            }
          ]
        },
        {
          "id": "core_2.13",
          "version": {
            "major": 4,
            "minor": 0,
            "patch": 0,
            "suffix": [
              "M1"
            ]
          },
          "deps": [
            {
              "id": "core_2.13",
              "version": {
                "major": 1,
                "minor": 5,
                "patch": 5,
                "suffix": [
                  
                ]
              },
              "deps": [
                {
                  "id": "scala-library",
                  "version": {
                    "major": 2,
                    "minor": 13,
                    "patch": 10,
                    "suffix": [
                      
                    ]
                  },
                  "deps": [
                    
                  ]
                }
              ]
            },
            {
              "id": "core_2.13",
              "version": {
                "major": 1,
                "minor": 3,
                "patch": 13,
                "suffix": [
                  
                ]
              },
              "deps": [
                {
                  "id": "scala-library",
                  "version": {
                    "major": 2,
                    "minor": 13,
                    "patch": 10,
                    "suffix": [
                      
                    ]
                  },
                  "deps": [
                    
                  ]
                }
              ]
            },
            {
              "id": "ws_2.13",
              "version": {
                "major": 1,
                "minor": 3,
                "patch": 13,
                "suffix": [
                  
                ]
              },
              "deps": [
                {
                  "id": "core_2.13",
                  "version": {
                    "major": 1,
                    "minor": 5,
                    "patch": 5,
                    "suffix": [
                      
                    ]
                  },
                  "deps": [
                    {
                      "id": "scala-library",
                      "version": {
                        "major": 2,
                        "minor": 13,
                        "patch": 10,
                        "suffix": [
                          
                        ]
                      },
                      "deps": [
                        
                      ]
                    }
                  ]
                },
                {
                  "id": "core_2.13",
                  "version": {
                    "major": 1,
                    "minor": 3,
                    "patch": 13,
                    "suffix": [
                      
                    ]
                  },
                  "deps": [
                    {
                      "id": "scala-library",
                      "version": {
                        "major": 2,
                        "minor": 13,
                        "patch": 10,
                        "suffix": [
                          
                        ]
                      },
                      "deps": [
                        
                      ]
                    }
                  ]
                },
                {
                  "id": "scala-library",
                  "version": {
                    "major": 2,
                    "minor": 13,
                    "patch": 10,
                    "suffix": [
                      
                    ]
                  },
                  "deps": [
                    
                  ]
                }
              ]
            },
            {
              "id": "scala-library",
              "version": {
                "major": 2,
                "minor": 13,
                "patch": 10,
                "suffix": [
                  
                ]
              },
              "deps": [
                
              ]
            }
          ]
        },
        {
          "id": "json-common_2.13",
          "version": {
            "major": 4,
            "minor": 0,
            "patch": 0,
            "suffix": [
              "M1"
            ]
          },
          "deps": [
            {
              "id": "core_2.13",
              "version": {
                "major": 4,
                "minor": 0,
                "patch": 0,
                "suffix": [
                  "M1"
                ]
              },
              "deps": [
                {
                  "id": "core_2.13",
                  "version": {
                    "major": 1,
                    "minor": 5,
                    "patch": 5,
                    "suffix": [
                      
                    ]
                  },
                  "deps": [
                    {
                      "id": "scala-library",
                      "version": {
                        "major": 2,
                        "minor": 13,
                        "patch": 10,
                        "suffix": [
                          
                        ]
                      },
                      "deps": [
                        
                      ]
                    }
                  ]
                },
                {
                  "id": "core_2.13",
                  "version": {
                    "major": 1,
                    "minor": 3,
                    "patch": 13,
                    "suffix": [
                      
                    ]
                  },
                  "deps": [
                    {
                      "id": "scala-library",
                      "version": {
                        "major": 2,
                        "minor": 13,
                        "patch": 10,
                        "suffix": [
                          
                        ]
                      },
                      "deps": [
                        
                      ]
                    }
                  ]
                },
                {
                  "id": "ws_2.13",
                  "version": {
                    "major": 1,
                    "minor": 3,
                    "patch": 13,
                    "suffix": [
                      
                    ]
                  },
                  "deps": [
                    {
                      "id": "core_2.13",
                      "version": {
                        "major": 1,
                        "minor": 5,
                        "patch": 5,
                        "suffix": [
                          
                        ]
                      },
                      "deps": [
                        {
                          "id": "scala-library",
                          "version": {
                            "major": 2,
                            "minor": 13,
                            "patch": 10,
                            "suffix": [
                              
                            ]
                          },
                          "deps": [
                            
                          ]
                        }
                      ]
                    },
                    {
                      "id": "core_2.13",
                      "version": {
                        "major": 1,
                        "minor": 3,
                        "patch": 13,
                        "suffix": [
                          
                        ]
                      },
                      "deps": [
                        {
                          "id": "scala-library",
                          "version": {
                            "major": 2,
                            "minor": 13,
                            "patch": 10,
                            "suffix": [
                              
                            ]
                          },
                          "deps": [
                            
                          ]
                        }
                      ]
                    },
                    {
                      "id": "scala-library",
                      "version": {
                        "major": 2,
                        "minor": 13,
                        "patch": 10,
                        "suffix": [
                          
                        ]
                      },
                      "deps": [
                        
                      ]
                    }
                  ]
                },
                {
                  "id": "scala-library",
                  "version": {
                    "major": 2,
                    "minor": 13,
                    "patch": 10,
                    "suffix": [
                      
                    ]
                  },
                  "deps": [
                    
                  ]
                }
              ]
            },
            {
              "id": "scala-library",
              "version": {
                "major": 2,
                "minor": 13,
                "patch": 10,
                "suffix": [
                  
                ]
              },
              "deps": [
                
              ]
            }
          ]
        },
        {
          "id": "scala-library",
          "version": {
            "major": 2,
            "minor": 13,
            "patch": 10,
            "suffix": [
              
            ]
          },
          "deps": [
            
          ]
        }
      ]
    },
    {
      "id": "scala-library",
      "version": {
        "major": 2,
        "minor": 13,
        "patch": 10,
        "suffix": [
          
        ]
      },
      "deps": [
        
      ]
    }
  ]
}